// Jest Snapshot v1, https://goo.gl/fbAQLP

exports[`renders homepage unchanged 1`] = `
<div>
  <main
    class="sc-bdvvtL kdJbON"
  >
    <h1>
      Home
    </h1>
  </main>
</div>
`;
